// Jest Snapshot v1, https://goo.gl/fbAQLP

exports[`TodoItem should render 1`] = `
<li>
  <span>
    text
  </span>
  <button
    onClick={[Function]}
  >
    done
  </button>
</li>
`;
